// Jest Snapshot v1, https://goo.gl/fbAQLP

exports[`App renders correctly 1`] = `
<DocumentFragment>
  <div
    class="App"
  >
    <div
      class="navBar"
    >
      <img
        alt="nasa_logo"
        class="surreal-logo"
        src="Logo.png"
      />
      <ul
        class="navbar-links"
      >
        <a
          class="navbar-links-item"
          href="/"
        >
          View Properties
        </a>
        <a
          class="navbar-links-item"
          href="/add-property"
        >
          Add Properties
        </a>
      </ul>
    </div>
    <div>
       Properties Page 
    </div>
  </div>
</DocumentFragment>
`;
